Initialized native services in: C:\Users\Administrator\.gradle\native
Initialized jansi services in: C:\Users\Administrator\.gradle\native
To honour the JVM settings for this build a single-use Daemon process will be forked. For more on this, please refer to https://docs.gradle.org/8.11.1/userguide/gradle_daemon.html#sec:disabling_the_daemon in the Gradle documentation.
Starting process 'Gradle build daemon'. Working directory: C:\Users\Administrator\.gradle\daemon\8.11.1 Command: D:\java\jdk\bin\java.exe -XX:+HeapDumpOnOutOfMemoryError -Xmx4096m -Dfile.encoding=GBK -Duser.country=CN -Duser.language=zh -Duser.variant -cp C:\Users\Administrator\.gradle\wrapper\dists\gradle-8.11.1-bin\7r8pk33dgwkywmc2hsb98tmrd\gradle-8.11.1\lib\gradle-daemon-main-8.11.1.jar -javaagent:C:\Users\Administrator\.gradle\wrapper\dists\gradle-8.11.1-bin\7r8pk33dgwkywmc2hsb98tmrd\gradle-8.11.1\lib\agents\gradle-instrumentation-agent-8.11.1.jar org.gradle.launcher.daemon.bootstrap.GradleDaemon 8.11.1
Successfully started process 'Gradle build daemon'
An attempt to start the daemon took 3.729 secs.
The client will now receive all logging from the daemon (pid: 20072). The daemon log file: C:\Users\Administrator\.gradle\daemon\8.11.1\daemon-20072.out.log
Daemon will be stopped at the end of the build 
Using 8 worker leases.
Received JVM installation metadata from 'D:\java\jdk': {JAVA_HOME=D:\java\jdk\jre, JAVA_VERSION=1.8.0_181, JAVA_VENDOR=Oracle Corporation, RUNTIME_NAME=Java(TM) SE Runtime Environment, RUNTIME_VERSION=1.8.0_181-b13, VM_NAME=Java HotSpot(TM) 64-Bit Server VM, VM_VERSION=25.181-b13, VM_VENDOR=Oracle Corporation, OS_ARCH=amd64}
Watching the file system is configured to be enabled if available
Now considering [C:\Users\Administrator\.qclaw\workspace\AIRouter] as hierarchies to watch
File system watching is active
Starting Build
Caching disabled for Kotlin DSL script compilation (Settings/TopLevel/stage1) because:
  Build cache is disabled
Caching disabled for Kotlin DSL script compilation (Settings/TopLevel/stage2) because:
  Build cache is disabled
Settings evaluated using settings file 'C:\Users\Administrator\.qclaw\workspace\AIRouter\settings.gradle.kts'.
Using local directory build cache for the root build (location = C:\Users\Administrator\.gradle\caches\build-cache-1, remove unused entries = after 7 days).
Projects loaded. Root project using build file 'C:\Users\Administrator\.qclaw\workspace\AIRouter\build.gradle.kts'.
Included projects: [root project 'AiRouter', project ':app', project ':lib']

> Configure project :
Evaluating root project 'AiRouter' using build file 'C:\Users\Administrator\.qclaw\workspace\AIRouter\build.gradle.kts'.
Resource missing. [HTTP HEAD: https://dl.google.com/dl/android/maven2/com/android/application/com.android.application.gradle.plugin/8.7.3/com.android.application.gradle.plugin-8.7.3.jar]
Resource missing. [HTTP HEAD: https://repo.maven.apache.org/maven2/org/jetbrains/kotlin/android/org.jetbrains.kotlin.android.gradle.plugin/2.1.0/org.jetbrains.kotlin.android.gradle.plugin-2.1.0.jar]
Resource missing. [HTTP HEAD: https://repo.maven.apache.org/maven2/org/jetbrains/kotlin/plugin/compose/org.jetbrains.kotlin.plugin.compose.gradle.plugin/2.1.0/org.jetbrains.kotlin.plugin.compose.gradle.plugin-2.1.0.jar]
Resource missing. [HTTP HEAD: https://repo.maven.apache.org/maven2/com/google/devtools/ksp/com.google.devtools.ksp.gradle.plugin/2.1.0-1.0.29/com.google.devtools.ksp.gradle.plugin-2.1.0-1.0.29.jar]
Resource missing. [HTTP HEAD: https://repo.maven.apache.org/maven2/org/jetbrains/kotlin/plugin/serialization/org.jetbrains.kotlin.plugin.serialization.gradle.plugin/2.1.0/org.jetbrains.kotlin.plugin.serialization.gradle.plugin-2.1.0.jar]
Variant Selection Exception: org.gradle.internal.component.resolution.failure.exception.VariantSelectionByAttributesException caused by Resolution Failure: org.gradle.internal.component.resolution.failure.type.NoCompatibleVariantsFailure
[Incubating] Problems report is available at: file:///C:/Users/Administrator/.qclaw/workspace/AIRouter/build/reports/problems/problems-report.html
.\gradlew.bat : 
所在位置 行:1 字符: 142
+ ... e\AIRouter; .\gradlew.bat assembleDebug --no-daemon --info 2>&1 | Tee ...
+                 ~~~~~~~~~~~~~~~~~~~~~~~~~~~~~~~~~~~~~~~~~~~~~~~~~~~
    + CategoryInfo          : NotSpecified: (:String) [], RemoteException
    + FullyQualifiedErrorId : NativeCommandError
 
FAILURE: Build failed with an exception.

* What went wrong:
A problem occurred configuring root project 'AiRouter'.
> Could not resolve all artifacts for configuration 'classpath'.
   > Could not resolve com.android.tools.build:gradle:8.7.3.
     Required by:
         root project : > com.android.application:com.android.application.gradle.plugin:8.7.3
      > Dependency requires at least JVM runtime version 11. This build uses a Java 8 JVM.

* Try:
> Run this build using a Java 11 or newer JVM.
> Run with --stacktrace option to get the stack trace.
> Run with --debug option to get more log output.
> Run with --scan to get full insights.
> Get more help at https://help.gradle.org.

Deprecated Gradle features were used in this build, making it incompatible with Gradle 9.0.

You can use '--warning-mode all' to show the individual deprecation warnings and determine if they come from your own scripts or plugins.

For more on this, please refer to https://docs.gradle.org/8.11.1/userguide/command_line_interface.html#sec:command_line_warnings in the Gradle documentation.

BUILD FAILED in 32s
Watched directory hierarchies: []
Build cache (C:\Users\Administrator\.gradle\caches\build-cache-1) removing files not accessed on or after Sat May 09 00:36:20 CST 2026.
Build cache (C:\Users\Administrator\.gradle\caches\build-cache-1) cleanup deleted 46 files/directories.
Build cache (C:\Users\Administrator\.gradle\caches\build-cache-1) cleaned up in 0.09 secs.
VCS Checkout Cache (C:\Users\Administrator\.qclaw\workspace\AIRouter\.gradle\vcs-1) removing files not accessed on or after Sat May 09 00:36:20 CST 2026.
VCS Checkout Cache (C:\Users\Administrator\.qclaw\workspace\AIRouter\.gradle\vcs-1) cleanup deleted 0 files/directories.
VCS Checkout Cache (C:\Users\Administrator\.qclaw\workspace\AIRouter\.gradle\vcs-1) cleaned up in 0.0 secs.
dependencies-accessors (C:\Users\Administrator\.gradle\caches\8.11.1\dependencies-accessors) removing files not accessed on or after Sat May 09 00:36:20 CST 2026.
dependencies-accessors (C:\Users\Administrator\.gradle\caches\8.11.1\dependencies-accessors) cleanup deleted 0 files/directories.
dependencies-accessors (C:\Users\Administrator\.gradle\caches\8.11.1\dependencies-accessors) cleaned up in 0.001 secs.
